../Middlewares/Third_Party/LwIP/src/apps/httpd/httpd.c:125:7:ssi_handler	88	static
../Middlewares/Third_Party/LwIP/src/apps/httpd/httpd.c:168:6:httpd_ssi_init_custom	8	static
../Middlewares/Third_Party/LwIP/src/apps/httpd/httpd.c:473:1:http_ssi_state_alloc	16	static
../Middlewares/Third_Party/LwIP/src/apps/httpd/httpd.c:490:1:http_ssi_state_free	16	static
../Middlewares/Third_Party/LwIP/src/apps/httpd/httpd.c:501:1:http_state_init	16	static
../Middlewares/Third_Party/LwIP/src/apps/httpd/httpd.c:513:1:http_state_alloc	16	static
../Middlewares/Third_Party/LwIP/src/apps/httpd/httpd.c:533:1:http_state_eof	16	static
../Middlewares/Third_Party/LwIP/src/apps/httpd/httpd.c:571:1:http_state_free	16	static
../Middlewares/Third_Party/LwIP/src/apps/httpd/httpd.c:590:1:http_write	32	static
../Middlewares/Third_Party/LwIP/src/apps/httpd/httpd.c:653:1:http_close_or_abort_conn	32	static
../Middlewares/Third_Party/LwIP/src/apps/httpd/httpd.c:703:1:http_close_conn	16	static
../Middlewares/Third_Party/LwIP/src/apps/httpd/httpd.c:712:1:http_eof	16	static
../Middlewares/Third_Party/LwIP/src/apps/httpd/httpd.c:745:1:extract_uri_parameters	32	static
../Middlewares/Third_Party/LwIP/src/apps/httpd/httpd.c:816:1:get_tag_insert	32	static
../Middlewares/Third_Party/LwIP/src/apps/httpd/httpd.c:1133:1:http_check_eof	24	static
../Middlewares/Third_Party/LwIP/src/apps/httpd/httpd.c:1232:1:http_send_data_nonssi	24	static
../Middlewares/Third_Party/LwIP/src/apps/httpd/httpd.c:1259:1:http_send_data_ssi	32	static
../Middlewares/Third_Party/LwIP/src/apps/httpd/httpd.c:1583:1:http_send	24	static
../Middlewares/Third_Party/LwIP/src/apps/httpd/httpd.c:1698:1:http_get_404_file	24	static
../Middlewares/Third_Party/LwIP/src/apps/httpd/httpd.c:1727:1:http_handle_post_finished	16	static
../Middlewares/Third_Party/LwIP/src/apps/httpd/httpd.c:1754:1:http_post_rxpbuf	24	static
../Middlewares/Third_Party/LwIP/src/apps/httpd/httpd.c:1806:1:http_post_request	80	static
../Middlewares/Third_Party/LwIP/src/apps/httpd/httpd.c:1970:1:http_parse_request	80	static
../Middlewares/Third_Party/LwIP/src/apps/httpd/httpd.c:2159:1:http_find_file	104	static
../Middlewares/Third_Party/LwIP/src/apps/httpd/httpd.c:2305:1:http_init_file	40	static
../Middlewares/Third_Party/LwIP/src/apps/httpd/httpd.c:2416:1:http_err	24	static
../Middlewares/Third_Party/LwIP/src/apps/httpd/httpd.c:2433:1:http_sent	32	static
../Middlewares/Third_Party/LwIP/src/apps/httpd/httpd.c:2460:1:http_poll	24	static
../Middlewares/Third_Party/LwIP/src/apps/httpd/httpd.c:2508:1:http_recv	32	static
../Middlewares/Third_Party/LwIP/src/apps/httpd/httpd.c:2593:1:http_accept	32	static
../Middlewares/Third_Party/LwIP/src/apps/httpd/httpd.c:2634:1:httpd_init	16	static
../Middlewares/Third_Party/LwIP/src/apps/httpd/httpd.c:2668:1:http_set_ssi_handler	24	static
../Middlewares/Third_Party/LwIP/src/apps/httpd/httpd.c:2696:1:http_set_cgi_handlers	16	static
