../Drivers/STM32F2xx_HAL_Driver/Src/stm32f2xx_hal_rtc.c:246:19:HAL_RTC_Init	24	static
../Drivers/STM32F2xx_HAL_Driver/Src/stm32f2xx_hal_rtc.c:368:19:HAL_RTC_DeInit	24	static
../Drivers/STM32F2xx_HAL_Driver/Src/stm32f2xx_hal_rtc.c:626:13:HAL_RTC_MspInit	16	static
../Drivers/STM32F2xx_HAL_Driver/Src/stm32f2xx_hal_rtc.c:642:13:HAL_RTC_MspDeInit	16	static
../Drivers/STM32F2xx_HAL_Driver/Src/stm32f2xx_hal_rtc.c:683:19:HAL_RTC_SetTime	40	static
../Drivers/STM32F2xx_HAL_Driver/Src/stm32f2xx_hal_rtc.c:790:19:HAL_RTC_GetTime	32	static
../Drivers/STM32F2xx_HAL_Driver/Src/stm32f2xx_hal_rtc.c:829:19:HAL_RTC_SetDate	40	static
../Drivers/STM32F2xx_HAL_Driver/Src/stm32f2xx_hal_rtc.c:918:19:HAL_RTC_GetDate	32	static
../Drivers/STM32F2xx_HAL_Driver/Src/stm32f2xx_hal_rtc.c:976:19:HAL_RTC_SetAlarm	40	static
../Drivers/STM32F2xx_HAL_Driver/Src/stm32f2xx_hal_rtc.c:1163:19:HAL_RTC_SetAlarm_IT	40	static
../Drivers/STM32F2xx_HAL_Driver/Src/stm32f2xx_hal_rtc.c:1347:19:HAL_RTC_DeactivateAlarm	24	static
../Drivers/STM32F2xx_HAL_Driver/Src/stm32f2xx_hal_rtc.c:1445:19:HAL_RTC_GetAlarm	32	static
../Drivers/STM32F2xx_HAL_Driver/Src/stm32f2xx_hal_rtc.c:1492:6:HAL_RTC_AlarmIRQHandler	16	static
../Drivers/STM32F2xx_HAL_Driver/Src/stm32f2xx_hal_rtc.c:1543:13:HAL_RTC_AlarmAEventCallback	16	static
../Drivers/STM32F2xx_HAL_Driver/Src/stm32f2xx_hal_rtc.c:1560:19:HAL_RTC_PollForAlarmAEvent	24	static
../Drivers/STM32F2xx_HAL_Driver/Src/stm32f2xx_hal_rtc.c:1624:19:HAL_RTC_WaitForSynchro	24	static
../Drivers/STM32F2xx_HAL_Driver/Src/stm32f2xx_hal_rtc.c:1653:6:HAL_RTC_DST_Add1Hour	16	static
../Drivers/STM32F2xx_HAL_Driver/Src/stm32f2xx_hal_rtc.c:1667:6:HAL_RTC_DST_Sub1Hour	16	static
../Drivers/STM32F2xx_HAL_Driver/Src/stm32f2xx_hal_rtc.c:1681:6:HAL_RTC_DST_SetStoreOperation	16	static
../Drivers/STM32F2xx_HAL_Driver/Src/stm32f2xx_hal_rtc.c:1694:6:HAL_RTC_DST_ClearStoreOperation	16	static
../Drivers/STM32F2xx_HAL_Driver/Src/stm32f2xx_hal_rtc.c:1706:10:HAL_RTC_DST_ReadStoreOperation	16	static
../Drivers/STM32F2xx_HAL_Driver/Src/stm32f2xx_hal_rtc.c:1735:21:HAL_RTC_GetState	16	static
../Drivers/STM32F2xx_HAL_Driver/Src/stm32f2xx_hal_rtc.c:1761:19:RTC_EnterInitMode	24	static
../Drivers/STM32F2xx_HAL_Driver/Src/stm32f2xx_hal_rtc.c:1796:19:RTC_ExitInitMode	24	static
../Drivers/STM32F2xx_HAL_Driver/Src/stm32f2xx_hal_rtc.c:1818:9:RTC_ByteToBcd2	24	static
../Drivers/STM32F2xx_HAL_Driver/Src/stm32f2xx_hal_rtc.c:1836:9:RTC_Bcd2ToByte	24	static
