../Core/Src/ssd1306_driver/ssd1306.c:36:20:ssd1306_map_logical_to_physical	24	static
../Core/Src/ssd1306_driver/ssd1306.c:44:6:ssd1306_Reset	4	static
../Core/Src/ssd1306_driver/ssd1306.c:49:6:ssd1306_WriteCommand	32	static
../Core/Src/ssd1306_driver/ssd1306.c:54:6:ssd1306_WriteData	32	static
../Core/Src/ssd1306_driver/ssd1306.c:99:17:ssd1306_FillBuffer	24	static
../Core/Src/ssd1306_driver/ssd1306.c:109:6:ssd1306_Init	8	static
../Core/Src/ssd1306_driver/ssd1306.c:211:6:ssd1306_Fill	16	static
../Core/Src/ssd1306_driver/ssd1306.c:216:6:ssd1306_UpdateScreen	16	static
../Core/Src/ssd1306_driver/ssd1306.c:237:6:ssd1306_DrawPixel	24	static
../Core/Src/ssd1306_driver/ssd1306.c:262:6:ssd1306_WriteChar	48	static
../Core/Src/ssd1306_driver/ssd1306.c:300:6:ssd1306_WriteString	32	static
../Core/Src/ssd1306_driver/ssd1306.c:314:6:ssd1306_SetCursor	16	static
../Core/Src/ssd1306_driver/ssd1306.c:320:6:ssd1306_Line	48	static
../Core/Src/ssd1306_driver/ssd1306.c:347:6:ssd1306_Polyline	40	static
../Core/Src/ssd1306_driver/ssd1306.c:361:14:ssd1306_DegToRad	16	static
../Core/Src/ssd1306_driver/ssd1306.c:366:17:ssd1306_NormalizeTo0_360	24	static
../Core/Src/ssd1306_driver/ssd1306.c:381:6:ssd1306_DrawArc	56	static
../Core/Src/ssd1306_driver/ssd1306.c:419:6:ssd1306_DrawArcWithRadiusLine	64	static
../Core/Src/ssd1306_driver/ssd1306.c:463:6:ssd1306_DrawCircle	40	static
../Core/Src/ssd1306_driver/ssd1306.c:498:6:ssd1306_FillCircle	48	static
../Core/Src/ssd1306_driver/ssd1306.c:536:6:ssd1306_DrawRectangle	32	static
../Core/Src/ssd1306_driver/ssd1306.c:546:6:ssd1306_FillRectangle	32	static
../Core/Src/ssd1306_driver/ssd1306.c:561:17:ssd1306_InvertRectangle	40	static
../Core/Src/ssd1306_driver/ssd1306.c:584:6:ssd1306_DrawBitmap	24	static
../Core/Src/ssd1306_driver/ssd1306.c:610:6:ssd1306_SetContrast	24	static
../Core/Src/ssd1306_driver/ssd1306.c:616:6:ssd1306_SetDisplayOn	24	static
../Core/Src/ssd1306_driver/ssd1306.c:628:9:ssd1306_GetDisplayOn	4	static
../Core/Src/ssd1306_driver/ssd1306.c:632:6:ssd1306_FillRect	32	static
