../Core/Src/ssd1306_driver/ssd1306.c:39:20:ssd1306_map_logical_to_physical	24	static
../Core/Src/ssd1306_driver/ssd1306.c:53:6:ssd1306_Reset	4	static
../Core/Src/ssd1306_driver/ssd1306.c:58:6:ssd1306_WriteCommand	32	static
../Core/Src/ssd1306_driver/ssd1306.c:63:6:ssd1306_WriteData	32	static
../Core/Src/ssd1306_driver/ssd1306.c:108:17:ssd1306_FillBuffer	24	static
../Core/Src/ssd1306_driver/ssd1306.c:118:6:ssd1306_Init	8	static
../Core/Src/ssd1306_driver/ssd1306.c:219:6:ssd1306_SetRotation180	16	static
../Core/Src/ssd1306_driver/ssd1306.c:223:9:ssd1306_GetRotation180	4	static
../Core/Src/ssd1306_driver/ssd1306.c:228:6:ssd1306_Fill	16	static
../Core/Src/ssd1306_driver/ssd1306.c:233:6:ssd1306_UpdateScreen	16	static
../Core/Src/ssd1306_driver/ssd1306.c:254:6:ssd1306_DrawPixel	24	static
../Core/Src/ssd1306_driver/ssd1306.c:279:6:ssd1306_WriteChar	48	static
../Core/Src/ssd1306_driver/ssd1306.c:317:6:ssd1306_WriteString	32	static
../Core/Src/ssd1306_driver/ssd1306.c:331:6:ssd1306_SetCursor	16	static
../Core/Src/ssd1306_driver/ssd1306.c:337:6:ssd1306_Line	48	static
../Core/Src/ssd1306_driver/ssd1306.c:364:6:ssd1306_Polyline	40	static
../Core/Src/ssd1306_driver/ssd1306.c:378:14:ssd1306_DegToRad	16	static
../Core/Src/ssd1306_driver/ssd1306.c:383:17:ssd1306_NormalizeTo0_360	24	static
../Core/Src/ssd1306_driver/ssd1306.c:398:6:ssd1306_DrawArc	56	static
../Core/Src/ssd1306_driver/ssd1306.c:436:6:ssd1306_DrawArcWithRadiusLine	64	static
../Core/Src/ssd1306_driver/ssd1306.c:480:6:ssd1306_DrawCircle	40	static
../Core/Src/ssd1306_driver/ssd1306.c:515:6:ssd1306_FillCircle	48	static
../Core/Src/ssd1306_driver/ssd1306.c:553:6:ssd1306_DrawRectangle	32	static
../Core/Src/ssd1306_driver/ssd1306.c:563:6:ssd1306_FillRectangle	32	static
../Core/Src/ssd1306_driver/ssd1306.c:578:17:ssd1306_InvertRectangle	40	static
../Core/Src/ssd1306_driver/ssd1306.c:601:6:ssd1306_DrawBitmap	24	static
../Core/Src/ssd1306_driver/ssd1306.c:627:6:ssd1306_SetContrast	24	static
../Core/Src/ssd1306_driver/ssd1306.c:633:6:ssd1306_SetDisplayOn	24	static
../Core/Src/ssd1306_driver/ssd1306.c:645:9:ssd1306_GetDisplayOn	4	static
../Core/Src/ssd1306_driver/ssd1306.c:649:6:ssd1306_FillRect	32	static
