../Core/Src/main.c:96:6:HAL_ADC_ConvCpltCallback	16	static
../Core/Src/main.c:131:6:ApplySNMPSettings	4	static
../Core/Src/main.c:161:13:NET_CGI_Handler	32	static
../Core/Src/main.c:187:13:DATE_CGI_Handler	48	static
../Core/Src/main.c:211:13:TIME_CGI_Handler	48	static
../Core/Src/main.c:262:13:SNMP_CGI_Handler	32	static
../Core/Src/main.c:287:14:CREDS_CGI_Handler	56	static
../Core/Src/main.c:312:6:Save_SNMP_Settings_To_Flash	80	static
../Core/Src/main.c:362:17:Flash_GetSector	16	static
../Core/Src/main.c:372:13:Flash_IsBlank	24	static
../Core/Src/main.c:381:13:FW_ResetContext	4	static
../Core/Src/main.c:393:20:FW_CrcUpdate	24	static
../Core/Src/main.c:403:26:FW_EnsureErasedForAddress	48	static
../Core/Src/main.c:424:26:FW_FlashWriteStream	48	static
../Core/Src/main.c:468:10:crc32	32	static
../Core/Src/main.c:480:13:FW_Update_CGI_Handler	24	static
../Core/Src/main.c:488:13:LOGIN_CGI_Handler	96	static
../Core/Src/main.c:506:6:url_decode	24	static
../Core/Src/main.c:535:7:httpd_post_begin	24	static
../Core/Src/main.c:566:7:httpd_post_receive_data	24	static
../Core/Src/main.c:585:6:httpd_post_finished	40	static
../Core/Src/main.c:622:5:main	216	static
../Core/Src/main.c:838:6:SystemClock_Config	96	static
../Core/Src/main.c:887:13:MX_ADC1_Init	24	static
../Core/Src/main.c:959:13:MX_I2C1_Init	8	static
../Core/Src/main.c:993:13:MX_RTC_Init	32	static
../Core/Src/main.c:1046:13:MX_TIM3_Init	32	static
../Core/Src/main.c:1089:13:MX_DMA_Init	16	static
../Core/Src/main.c:1107:13:MX_GPIO_Init	48	static
../Core/Src/main.c:1150:6:Error_Handler	4	static,ignoring_inline_asm
