../Core/Src/main.c:95:6:HAL_ADC_ConvCpltCallback	16	static
../Core/Src/main.c:130:6:ApplySNMPSettings	4	static
../Core/Src/main.c:153:13:NET_CGI_Handler	32	static
../Core/Src/main.c:179:13:DATE_CGI_Handler	48	static
../Core/Src/main.c:203:13:TIME_CGI_Handler	48	static
../Core/Src/main.c:254:13:SNMP_CGI_Handler	32	static
../Core/Src/main.c:287:6:Save_SNMP_Settings_To_Flash	80	static
../Core/Src/main.c:340:17:Flash_GetSector	16	static
../Core/Src/main.c:350:13:Flash_IsBlank	24	static
../Core/Src/main.c:359:13:FW_ResetContext	4	static
../Core/Src/main.c:371:20:FW_CrcUpdate	24	static
../Core/Src/main.c:381:26:FW_EnsureErasedForAddress	48	static
../Core/Src/main.c:402:26:FW_FlashWriteStream	48	static
../Core/Src/main.c:446:10:crc32	32	static
../Core/Src/main.c:458:13:FW_Update_CGI_Handler	24	static
../Core/Src/main.c:465:6:url_decode	24	static
../Core/Src/main.c:494:7:httpd_post_begin	32	static
../Core/Src/main.c:538:7:httpd_post_receive_data	32	static
../Core/Src/main.c:569:6:httpd_post_finished	136	static
../Core/Src/main.c:656:5:main	200	static
../Core/Src/main.c:856:6:SystemClock_Config	96	static
../Core/Src/main.c:905:13:MX_ADC1_Init	24	static
../Core/Src/main.c:977:13:MX_I2C1_Init	8	static
../Core/Src/main.c:1011:13:MX_RTC_Init	32	static
../Core/Src/main.c:1064:13:MX_TIM3_Init	32	static
../Core/Src/main.c:1107:13:MX_DMA_Init	16	static
../Core/Src/main.c:1125:13:MX_GPIO_Init	48	static
../Core/Src/main.c:1168:6:Error_Handler	4	static,ignoring_inline_asm
