../Core/Src/main.c:96:6:HAL_ADC_ConvCpltCallback	16	static
../Core/Src/main.c:131:6:ApplySNMPSettings	4	static
../Core/Src/main.c:159:13:NET_CGI_Handler	32	static
../Core/Src/main.c:185:13:DATE_CGI_Handler	48	static
../Core/Src/main.c:209:13:TIME_CGI_Handler	48	static
../Core/Src/main.c:260:13:SNMP_CGI_Handler	32	static
../Core/Src/main.c:293:6:Save_SNMP_Settings_To_Flash	80	static
../Core/Src/main.c:343:17:Flash_GetSector	16	static
../Core/Src/main.c:353:13:Flash_IsBlank	24	static
../Core/Src/main.c:362:13:FW_ResetContext	4	static
../Core/Src/main.c:374:20:FW_CrcUpdate	24	static
../Core/Src/main.c:384:26:FW_EnsureErasedForAddress	48	static
../Core/Src/main.c:405:26:FW_FlashWriteStream	48	static
../Core/Src/main.c:449:10:crc32	32	static
../Core/Src/main.c:461:13:FW_Update_CGI_Handler	24	static
../Core/Src/main.c:469:13:LOGIN_CGI_Handler	96	static
../Core/Src/main.c:487:6:url_decode	24	static
../Core/Src/main.c:516:7:httpd_post_begin	24	static
../Core/Src/main.c:547:7:httpd_post_receive_data	24	static
../Core/Src/main.c:566:6:httpd_post_finished	40	static
../Core/Src/main.c:603:5:main	216	static
../Core/Src/main.c:818:6:SystemClock_Config	96	static
../Core/Src/main.c:867:13:MX_ADC1_Init	24	static
../Core/Src/main.c:939:13:MX_I2C1_Init	8	static
../Core/Src/main.c:973:13:MX_RTC_Init	32	static
../Core/Src/main.c:1026:13:MX_TIM3_Init	32	static
../Core/Src/main.c:1069:13:MX_DMA_Init	16	static
../Core/Src/main.c:1087:13:MX_GPIO_Init	48	static
../Core/Src/main.c:1130:6:Error_Handler	4	static,ignoring_inline_asm
