../Core/Src/main.c:95:6:HAL_ADC_ConvCpltCallback	16	static
../Core/Src/main.c:130:6:ApplySNMPSettings	4	static
../Core/Src/main.c:152:13:NET_CGI_Handler	32	static
../Core/Src/main.c:177:13:DATE_CGI_Handler	48	static
../Core/Src/main.c:201:13:TIME_CGI_Handler	48	static
../Core/Src/main.c:252:13:SNMP_CGI_Handler	32	static
../Core/Src/main.c:284:6:Save_SNMP_Settings_To_Flash	80	static
../Core/Src/main.c:324:10:crc32	32	static
../Core/Src/main.c:336:13:FW_Update_CGI_Handler	24	static
../Core/Src/main.c:344:7:httpd_post_begin	24	static
../Core/Src/main.c:364:7:httpd_post_receive_data	24	static
../Core/Src/main.c:381:6:httpd_post_finished	72	static
../Core/Src/main.c:420:5:main	216	static
../Core/Src/main.c:620:6:SystemClock_Config	96	static
../Core/Src/main.c:669:13:MX_ADC1_Init	24	static
../Core/Src/main.c:741:13:MX_I2C1_Init	8	static
../Core/Src/main.c:775:6:MX_RTC_Init	24	static
../Core/Src/main.c:828:13:MX_TIM3_Init	32	static
../Core/Src/main.c:871:13:MX_DMA_Init	16	static
../Core/Src/main.c:889:13:MX_GPIO_Init	48	static
../Core/Src/main.c:932:6:Error_Handler	4	static,ignoring_inline_asm
