../Drivers/CMSIS/Include/core_cm3.h:1762:34:__NVIC_SystemReset	4	static,ignoring_inline_asm
../Core/Src/oled/oled_settings.c:99:6:OLED_Settings_Init	8	static
../Core/Src/oled/oled_settings.c:114:13:OLED_Draw_Confirm	40	static
../Core/Src/oled/oled_settings.c:199:13:OLED_Draw_Submenu	56	static
../Core/Src/oled/oled_settings.c:232:13:Sync_From_Netif	24	static
../Core/Src/oled/oled_settings.c:259:13:OLED_Draw_YesNo	24	static
../Core/Src/oled/oled_settings.c:282:6:OLED_Settings_Back	8	static
../Core/Src/oled/oled_settings.c:308:6:Apply_Network_Settings	48	static
../Core/Src/oled/oled_settings.c:338:13:DHCP_Apply	32	static
../Core/Src/oled/oled_settings.c:366:13:OLED_Confirm	24	static
../Core/Src/oled/oled_settings.c:393:6:OLED_Settings_Draw	48	static
../Core/Src/oled/oled_settings.c:436:13:OLED_Draw_Edit	64	static
../Core/Src/oled/oled_settings.c:490:13:update_activity_time	8	static
../Core/Src/oled/oled_settings.c:496:13:change_edit_value	24	static
../Core/Src/oled/oled_settings.c:525:6:OLED_Settings_MoveUp	8	static
../Core/Src/oled/oled_settings.c:557:6:OLED_Settings_MoveDown	8	static
../Core/Src/oled/oled_settings.c:589:6:OLED_Settings_Select	32	static
../Core/Src/oled/oled_settings.c:760:6:OLED_Settings_Exit	4	static
../Core/Src/oled/oled_settings.c:768:6:OLED_Settings_TimeoutCheck	16	static
../Core/Src/oled/oled_settings.c:781:6:OLED_Settings_ButtonHeld	16	static
../Core/Src/oled/oled_settings.c:787:6:OLED_UpdateDisplay	16	static
