../Drivers/CMSIS/Include/core_cm3.h:1762:34:__NVIC_SystemReset	4	static,ignoring_inline_asm
../Core/Src/oled/oled_settings.c:99:6:OLED_Settings_Init	8	static
../Core/Src/oled/oled_settings.c:114:13:OLED_Draw_Confirm	40	static
../Core/Src/oled/oled_settings.c:199:13:OLED_Draw_Submenu	56	static
../Core/Src/oled/oled_settings.c:237:13:Sync_From_Netif	24	static
../Core/Src/oled/oled_settings.c:264:13:OLED_Draw_YesNo	24	static
../Core/Src/oled/oled_settings.c:287:6:OLED_Settings_Back	8	static
../Core/Src/oled/oled_settings.c:313:6:Apply_Network_Settings	48	static
../Core/Src/oled/oled_settings.c:343:13:DHCP_Apply	32	static
../Core/Src/oled/oled_settings.c:371:13:OLED_Confirm	24	static
../Core/Src/oled/oled_settings.c:400:6:OLED_Settings_Draw	48	static
../Core/Src/oled/oled_settings.c:443:13:OLED_Draw_Edit	64	static
../Core/Src/oled/oled_settings.c:497:13:update_activity_time	8	static
../Core/Src/oled/oled_settings.c:503:13:change_edit_value	24	static
../Core/Src/oled/oled_settings.c:532:6:OLED_Settings_MoveUp	8	static
../Core/Src/oled/oled_settings.c:564:6:OLED_Settings_MoveDown	8	static
../Core/Src/oled/oled_settings.c:596:6:OLED_Settings_Select	32	static
../Core/Src/oled/oled_settings.c:767:6:OLED_Settings_Exit	4	static
../Core/Src/oled/oled_settings.c:775:6:OLED_Settings_TimeoutCheck	16	static
../Core/Src/oled/oled_settings.c:788:6:OLED_Settings_ButtonHeld	16	static
../Core/Src/oled/oled_settings.c:794:6:OLED_UpdateDisplay	16	static
