../Middlewares/Third_Party/LwIP/src/apps/snmp/snmp_traps.c:107:1:snmp_trap_dst_enable	16	static
../Middlewares/Third_Party/LwIP/src/apps/snmp/snmp_traps.c:121:1:snmp_trap_dst_ip_set	16	static
../Middlewares/Third_Party/LwIP/src/apps/snmp/snmp_traps.c:133:1:snmp_set_auth_traps_enabled	16	static
../Middlewares/Third_Party/LwIP/src/apps/snmp/snmp_traps.c:143:1:snmp_get_auth_traps_enabled	4	static
../Middlewares/Third_Party/LwIP/src/apps/snmp/snmp_traps.c:166:1:snmp_send_trap	80	static
../Middlewares/Third_Party/LwIP/src/apps/snmp/snmp_traps.c:232:1:snmp_send_trap_generic	16	static
../Middlewares/Third_Party/LwIP/src/apps/snmp/snmp_traps.c:243:1:snmp_send_trap_specific	16	static
../Middlewares/Third_Party/LwIP/src/apps/snmp/snmp_traps.c:253:1:snmp_coldstart_trap	8	static
../Middlewares/Third_Party/LwIP/src/apps/snmp/snmp_traps.c:263:1:snmp_authfail_trap	8	static
../Middlewares/Third_Party/LwIP/src/apps/snmp/snmp_traps.c:271:1:snmp_trap_varbind_sum	40	static
../Middlewares/Third_Party/LwIP/src/apps/snmp/snmp_traps.c:305:1:snmp_trap_header_sum	24	static
../Middlewares/Third_Party/LwIP/src/apps/snmp/snmp_traps.c:361:1:snmp_trap_varbind_enc	40	static
../Middlewares/Third_Party/LwIP/src/apps/snmp/snmp_traps.c:382:1:snmp_trap_header_enc	24	static
